
Currently Loaded Modules:
  1) modules/2.2-20230808 (S)   2) slurm (S)   3) openblas/threaded-0.3.23 (S)   4) openmpi/4.0.7

  Where:
   S:  Module is Sticky, requires --force to unload or purge

 

Architecture:        x86_64
CPU op-mode(s):      32-bit, 64-bit
Byte Order:          Little Endian
CPU(s):              128
On-line CPU(s) list: 0-127
Thread(s) per core:  1
Core(s) per socket:  64
Socket(s):           2
NUMA node(s):        8
Vendor ID:           AuthenticAMD
CPU family:          23
Model:               49
Model name:          AMD EPYC 7742 64-Core Processor
Stepping:            0
CPU MHz:             2250.000
CPU max MHz:         2250.0000
CPU min MHz:         1500.0000
BogoMIPS:            4491.87
Virtualization:      AMD-V
L1d cache:           32K
L1i cache:           32K
L2 cache:            512K
L3 cache:            16384K
NUMA node0 CPU(s):   0-15
NUMA node1 CPU(s):   16-31
NUMA node2 CPU(s):   32-47
NUMA node3 CPU(s):   48-63
NUMA node4 CPU(s):   64-79
NUMA node5 CPU(s):   80-95
NUMA node6 CPU(s):   96-111
NUMA node7 CPU(s):   112-127
Flags:               fpu vme de pse tsc msr pae mce cx8 apic sep mtrr pge mca cmov pat pse36 clflush mmx fxsr sse sse2 ht syscall nx mmxext fxsr_opt pdpe1gb rdtscp lm constant_tsc rep_good nopl nonstop_tsc cpuid extd_apicid aperfmperf rapl pni pclmulqdq monitor ssse3 fma cx16 sse4_1 sse4_2 x2apic movbe popcnt aes xsave avx f16c rdrand lahf_lm cmp_legacy svm extapic cr8_legacy abm sse4a misalignsse 3dnowprefetch osvw ibs skinit wdt tce topoext perfctr_core perfctr_nb bpext perfctr_llc mwaitx cpb cat_l3 cdp_l3 hw_pstate ssbd mba ibrs ibpb stibp vmmcall fsgsbase bmi1 avx2 smep bmi2 cqm rdt_a rdseed adx smap clflushopt clwb sha_ni xsaveopt xsavec xgetbv1 cqm_llc cqm_occup_llc cqm_mbm_total cqm_mbm_local clzero irperf xsaveerptr rdpru wbnoinvd amd_ppin arat npt lbrv svm_lock nrip_save tsc_scale vmcb_clean flushbyasid decodeassists pausefilter pfthreshold avic v_vmsave_vmload vgif v_spec_ctrl umip rdpid overflow_recov succor smca sme sev sev_es
NVIDIA-SMI has failed because it couldn't communicate with the NVIDIA driver. Make sure that the latest NVIDIA driver is installed and running.

available: 8 nodes (0-7)
node 0 cpus: 0 1 2 3 4 5 6 7 8 9 10 11 12 13 14 15
node 0 size: 128413 MB
node 0 free: 105399 MB
node 1 cpus: 16 17 18 19 20 21 22 23 24 25 26 27 28 29 30 31
node 1 size: 129019 MB
node 1 free: 104245 MB
node 2 cpus: 32 33 34 35 36 37 38 39 40 41 42 43 44 45 46 47
node 2 size: 129019 MB
node 2 free: 110410 MB
node 3 cpus: 48 49 50 51 52 53 54 55 56 57 58 59 60 61 62 63
node 3 size: 129007 MB
node 3 free: 118698 MB
node 4 cpus: 64 65 66 67 68 69 70 71 72 73 74 75 76 77 78 79
node 4 size: 129019 MB
node 4 free: 122292 MB
node 5 cpus: 80 81 82 83 84 85 86 87 88 89 90 91 92 93 94 95
node 5 size: 129019 MB
node 5 free: 123591 MB
node 6 cpus: 96 97 98 99 100 101 102 103 104 105 106 107 108 109 110 111
node 6 size: 129019 MB
node 6 free: 123442 MB
node 7 cpus: 112 113 114 115 116 117 118 119 120 121 122 123 124 125 126 127
node 7 size: 129014 MB
node 7 free: 115087 MB
node distances:
node   0   1   2   3   4   5   6   7 
  0:  10  12  12  12  32  32  32  32 
  1:  12  10  12  12  32  32  32  32 
  2:  12  12  10  12  32  32  32  32 
  3:  12  12  12  10  32  32  32  32 
  4:  32  32  32  32  10  12  12  12 
  5:  32  32  32  32  12  10  12  12 
  6:  32  32  32  32  12  12  10  12 
  7:  32  32  32  32  12  12  12  10 
Slurm nodes:              1
Slurm ntasks:             8
Slurm ntasks-per-node:    8
Slurm cpus-per-task:      16
Length of dataloader 100
Model Loaded
Layer: 0
